> Task :sdui:checkKotlinGradlePluginConfigurationErrors SKIPPED > Task :sdui:preBuild UP-TO-DATE > Task :sdui:preDebugBuild UP-TO-DATE > Task :sdui:generateDebugResValues UP-TO-DATE > Task :sdui:generateDebugResources UP-TO-DATE > Task :sdui:packageDebugResources UP-TO-DATE > Task :sdui:processDebugNavigationResources UP-TO-DATE > Task :sdui:parseDebugLocalResources UP-TO-DATE > Task :sdui:generateDebugRFile UP-TO-DATE  > Task :sdui:compileDebugKotlin FAILED e: file:///C:/Users/Ashu/StudioProjects/MorphUI/sdui/src/main/java/com/app/sdui/components/BottomNavComponent.kt:10:5 A class can only extend a sealed class or interface declared in the same package. e: file:///C:/Users/Ashu/StudioProjects/MorphUI/sdui/src/main/java/com/app/sdui/components/ButtonComponent.kt:12:5 A class can only extend a sealed class or interface declared in the same package. e: file:///C:/Users/Ashu/StudioProjects/MorphUI/sdui/src/main/java/com/app/sdui/components/CardComponent.kt:10:5 A class can only extend a sealed class or interface declared in the same package. e: file:///C:/Users/Ashu/StudioProjects/MorphUI/sdui/src/main/java/com/app/sdui/components/ColumnComponent.kt:10:5 A class can only extend a sealed class or interface declared in the same package. e: file:///C:/Users/Ashu/StudioProjects/MorphUI/sdui/src/main/java/com/app/sdui/components/DividerComponent.kt:11:5 A class can only extend a sealed class or interface declared in the same package. e: file:///C:/Users/Ashu/StudioProjects/MorphUI/sdui/src/main/java/com/app/sdui/components/IconButtonComponent.kt:12:5 A class can only extend a sealed class or interface declared in the same package. e: file:///C:/Users/Ashu/StudioProjects/MorphUI/sdui/src/main/java/com/app/sdui/components/ImageComponent.kt:11:5 A class can only extend a sealed class or interface declared in the same package. e: file:///C:/Users/Ashu/StudioProjects/MorphUI/sdui/src/main/java/com/app/sdui/components/ListComponent.kt:10:5 A class can only extend a sealed class or interface declared in the same package. e: file:///C:/Users/Ashu/StudioProjects/MorphUI/sdui/src/main/java/com/app/sdui/components/RowComponent.kt:10:5 A class can only extend a sealed class or interface declared in the same package. e: file:///C:/Users/Ashu/StudioProjects/MorphUI/sdui/src/main/java/com/app/sdui/components/SpacerComponent.kt:11:5 A class can only extend a sealed class or interface declared in the same package. e: file:///C:/Users/Ashu/StudioProjects/MorphUI/sdui/src/main/java/com/app/sdui/components/TextComponent.kt:10:5 A class can only extend a sealed class or interface declared in the same package. e: file:///C:/Users/Ashu/StudioProjects/MorphUI/sdui/src/main/java/com/app/sdui/components/TextInputComponent.kt:13:5 A class can only extend a sealed class or interface declared in the same package. e: file:///C:/Users/Ashu/StudioProjects/MorphUI/sdui/src/main/java/com/app/sdui/components/UnknownComponent.kt:14:5 A class can only extend a sealed class or interface declared in the same package. e: file:///C:/Users/Ashu/StudioProjects/MorphUI/sdui/src/main/java/com/app/sdui/renderer/StyleResolver.kt:102:13 No parameter with name 'color' found. e: file:///C:/Users/Ashu/StudioProjects/MorphUI/sdui/src/main/java/com/app/sdui/renderer/StyleResolver.kt:103:13 No parameter with name 'fontSize' found. e: file:///C:/Users/Ashu/StudioProjects/MorphUI/sdui/src/main/java/com/app/sdui/renderer/StyleResolver.kt:104:13 No parameter with name 'fontWeight' found. e: file:///C:/Users/Ashu/StudioProjects/MorphUI/sdui/src/main/java/com/app/sdui/renderer/StyleResolver.kt:105:13 No parameter with name 'textAlign' found. e: file:///C:/Users/Ashu/StudioProjects/MorphUI/sdui/src/main/java/com/app/sdui/renderer/StyleResolver.kt:105:13 No value passed for parameter 'spanStyle'. e: file:///C:/Users/Ashu/StudioProjects/MorphUI/sdui/src/main/java/com/app/sdui/renderer/StyleResolver.kt:105:13 No value passed for parameter 'paragraphStyle'. System.Management.Automation.RemoteException FAILURE: Build failed with an exception. System.Management.Automation.RemoteException * What went wrong: Execution failed for task ':sdui:compileDebugKotlin'. > A failure occurred while executing org.jetbrains.kotlin.compilerRunner.GradleCompilerRunnerWithWorkers$GradleKotlinCompilerWorkAction    > Compilation error. See log for more details System.Management.Automation.RemoteException * Try: > Run with --stacktrace option to get the stack trace. > Run with --info or --debug option to get more log output. > Run with --scan to get full insights. > Get more help at https://help.gradle.org. System.Management.Automation.RemoteException BUILD FAILED in 1s 7 actionable tasks: 1 executed, 6 up-to-date
